Will token work?
